// Jest Snapshot v1, https://goo.gl/fbAQLP

exports[`Search renders correctly 1`] = `
<div
  className="search"
>
  <input
    name="search"
    onChange={[Function]}
    placeholder="Search..."
    type="search"
  />
</div>
`;
