// Jest Snapshot v1, https://goo.gl/fbAQLP

exports[`Genre renders correctly 1`] = `null`;
